Starting Dynare (version 6.2).
Calling Dynare with arguments: none
Starting preprocessing of the model file ... 
Found 93 equation(s). 
Evaluating expressions... 
Computing static model derivatives (order 1). 
Normalizing the static model... 
Finding the optimal block decomposition of the static model... 
16 block(s) found: 
  15 recursive block(s) and 1 simultaneous block(s). 
  the largest simultaneous block has 36 equation(s) 
                                 and 36 feedback variable(s). 
Computing dynamic model derivatives (order 1). 
Normalizing the dynamic model... 
Normalization failed with cutoff, trying symbolic normalization... 
Could not normalize the dynamic model. Variable i is not in the maximum cardinality matching. 
Preprocessing completed. 
Preprocessing time: 0h00m03s.

STEADY-STATE RESULTS:

mu_Y               		 0.0949258
mu_E               		 0.395419
tau                		 0.0587
co2_agg            		 0.698919
co2_Y              		 0.332534
co2_E              		 0.366385
s                  		 624.251
c                  		 3.88763
c_1                		 2.65481
c_2                		 4.19583
x                  		 3.42513
x_1                		 2.19636
x_2                		 3.73232
e_c                		 0.470466
e_1                		 0.46601
e_2                		 0.47158
l                  		 0.340252
l_1                		 0.341297
l_2                		 0.339991
l_Y                		 0.319891
l_E                		 0.0203606
a                  		 45.0911
k_agg              		 36.0729
k_Y                		 29.7331
k_E                		 6.33976
e                  		 0.63791
e_Y                		 0.167444
i                  		 1.12728
i_agg              		 0.901822
d                  		 0.874788
g                  		 0.0410266
t                  		 0
t_1                		 0
t_2                		 0
w                  		 7.28637
rK                 		 0.035101
y                  		 4.37394
Y_priv             		 4.62018
Y_inc_priv         		 4.62018
Y                  		 4.66121
Y_inc              		 4.66121
rF                 		 0.010101
lambda_1           		 0.402121
lambda_2           		 0.24837
varrho_Y           		 0.795364
mc_Y               		 0.8
varrho_E           		 0.581409
p_e                		 0.62329
p_1                		 0.936722
p_2                		 0.959583
e_b                		 1
e_a                		 1
e_e                		 1
e_t                		 1
e_tau              		 1
inc_1              		 2.48681
inc_2              		 5.15353
tau_wedge          		 0.0088017
emission_intensity 		 0.149944
share_energy_1     		 0.1168
share_energy_2     		 0.0730037
res_1              		 2.48681
res_2              		 4.02625
c_pct              		 0
c1_pct             		 0
c2_pct             		 0
y_pct              		 0
Y_pct              		 0
Y_priv_pct         		 0
Y_inc_priv_pct     		 0
w_pct              		 0
co2_pct            		 0
inc1_pct           		 0
inc2_pct           		 0
p1_pct             		 0
p2_pct             		 0
pe_pct             		 0
e_pct              		 0
rK_pct             		 0
l_Y_pct            		 0
k_Y_pct            		 0
e_Y_pct            		 0
l_E_pct            		 0
k_E_pct            		 0
k_agg_pct          		 0
res_1_pct          		 0
res_2_pct          		 0
e1_pct             		 0
e2_pct             		 0
x1_pct             		 0
x2_pct             		 0
ec_pct             		 0
x_pct              		 0


Residuals of the static equations:
Equation number  1: Spenders: Marginal utility of consumption        :       0.000000
Equation number  2: Spenders: Marginal disutility of labour          :       0.000000
Equation number  3: Spenders: Budget constraint                      :       0.000000
Equation number  4: Spenders: Demand function for goods              :       0.000000
Equation number  5: Spenders: Demand function for energy             :       0.000000
Equation number  6: Spenders: Price of consumption bundle            :       0.000000
Equation number  7: Spenders: Total income                           :       0.000000
Equation number  8: Spenders: Energy share                           :       0.000000
Equation number  9: Savers: Euler Equation                           :       0.000000
Equation number 10: Savers: Marginal utility of consumption          :       0.000000
Equation number 11: Savers: Marginal disutility of labour            :       0.000000
Equation number 12: Capital Law of Motion                            :       0.000000
Equation number 13: Savers: Consumer Budget Constraint               :       0.000000
Equation number 14: Risk-free rate                                   :       0.000000
Equation number 15: Savers: Demand function for goods                :       0.000000
Equation number 16: Savers: Demand function for energy               :       0.000000
Equation number 17: Savers: Price of consumption bundle              :       0.000000
Equation number 18: Savers: Total income                             :       0.000000
Equation number 19: Savers: Energy share                             :       0.000000
Equation number 20: Disposable resources 1                           :       0.000000
Equation number 21: Disposable resources 2                           :       0.000000
Equation number 22: Production function (Cobb-Douglas)               :       0.000000
Equation number 23: FOC w.r.t l                                      :       0.000000
Equation number 24: FOC w.r.t k(-1)                                  :       0.000000
Equation number 25: FOC w.r.t e                                      :       0.000000
Equation number 26: Marginal cost of production (FOC w.r.t y)        :       0.000000
Equation number 27: Total marginal cost of production                :       0.000000
Equation number 28: FOC w.r.t mu                                     :       0.000000
Equation number 29: CO2 emissions of non-energy producers            :       0.000000
Equation number 30: Dividends                                        :       0.000000
Equation number 31: Energy production function                       :       0.000000
Equation number 32: Energy prod.: FOC w.r.t l                        :       0.000000
Equation number 33: Energy prod.: FOC w.r.t k(-1)                    :       0.000000
Equation number 34: Marginal cost of energy production (FOC w.r.t e) :       0.000000
Equation number 35: FOC w.r.t mu_E                                   :       0.000000
Equation number 36: CO2 emissions of energy producers                :       0.000000
Equation number 37: Emission intensity (level)                       :       0.000000
Equation number 38: Transfers as % of Carbon revenues                :       0.000000
Equation number 39: Gov Budget Constraint                            :       0.000000
Equation number 40: Carbon tax rule                                  :       0.000000
Equation number 41: Total Transfers                                  :       0.000000
Equation number 42: Transfers to Spenders                            :       0.000000
Equation number 43: Share of carbon revenues                         :       0.000000
Equation number 44: Aggregate consumption of non-energy              :       0.000000
Equation number 45: Aggregate consumption of energy                  :       0.000000
Equation number 46: Aggregate Consumption                            :       0.000000
Equation number 47: Aggregate Labour                                 :       0.000000
Equation number 48: Aggregate Capital                                :       0.000000
Equation number 49: Aggregate Investment                             :       0.000000
Equation number 50: Aggregate emissions                              :       0.000000
Equation number 51: Carbon concentration                             :       0.000000
Equation number 52: Aggregate income - private                       :       0.000000
Equation number 53: Aggregate income                                 :       0.000000
Equation number 54: Aggregate expenses - private                     :       0.000000
Equation number 55: Aggregate expenses                               :       0.000000
Equation number 56: Capital market clearing                          :       0.000000
Equation number 57: Labor market clearing                            :       0.000000
Equation number 58: Energy market clearing                           :       0.000000
Equation number 59: Law of motion of the carbon price                :       0.000000
Equation number 60: Law of motion of the output shock                :       0.000000
Equation number 61: Law of motion of the output shock energy         :       0.000000
Equation number 62: Law of motion of the preference shock            :       0.000000
Equation number 63: Law of motion of the transfer shock              :       0.000000
Equation number 64: c_pct                                            :       0.000000
Equation number 65: c1_pct                                           :       0.000000
Equation number 66: c2_pct                                           :       0.000000
Equation number 67: y_pct                                            :       0.000000
Equation number 68: w_pct                                            :       0.000000
Equation number 69: co2_pct                                          :       0.000000
Equation number 70: p1_pct                                           :       0.000000
Equation number 71: p2_pct                                           :       0.000000
Equation number 72: pe_pct                                           :       0.000000
Equation number 73: inc1_pct                                         :       0.000000
Equation number 74: inc2_pct                                         :       0.000000
Equation number 75: e_pct                                            :       0.000000
Equation number 76: rK_pct                                           :       0.000000
Equation number 77: Y_pct                                            :       0.000000
Equation number 78: Y_priv_pct                                       :       0.000000
Equation number 79: Y_inc_priv_pct                                   :       0.000000
Equation number 80: k_Y_pct                                          :       0.000000
Equation number 81: l_Y_pct                                          :       0.000000
Equation number 82: e_Y_pct                                          :       0.000000
Equation number 83: k_E_pct                                          :       0.000000
Equation number 84: l_E_pct                                          :       0.000000
Equation number 85: k_agg_pct                                        :       0.000000
Equation number 86: res_1_pct                                        :       0.000000
Equation number 87: res_2_pct                                        :       0.000000
Equation number 88: e1_pct                                           :       0.000000
Equation number 89: e2_pct                                           :       0.000000
Equation number 90: x1_pct                                           :       0.000000
Equation number 91: x2_pct                                           :       0.000000
Equation number 92: ec_pct                                           :       0.000000
Equation number 93: x_pct                                            :       0.000000



EIGENVALUES:
         Modulus             Real        Imaginary
             0.6              0.6                0
             0.9              0.9                0
             0.9              0.9                0
             0.9              0.9                0
             0.9              0.9                0
           0.953            0.953                0
          0.9994           0.9994                0
           1.068            1.068                0
       2.571e+19       -2.571e+19                0
             Inf              Inf                0

There are 3 eigenvalue(s) larger than 1 in modulus for 3 forward-looking variable(s)
The rank condition is verified.

implied chi (spenders) = 11.9559
implied chi (savers)   = 7.3846
implied a_e (spenders) = 0.16042
implied a_e (savers)   = 0.10225

MODEL SUMMARY

  Number of variables:         93
  Number of stochastic shocks: 5
  Number of state variables:   7
  Number of jumpers:           3
  Number of static variables:  83


MATRIX OF COVARIANCE OF EXOGENOUS SHOCKS
Variables       eta_b     eta_e     eta_a     eta_t   eta_tau
eta_b        0.000000  0.000000  0.000000  0.000000  0.000000
eta_e        0.000000  0.000000  0.000000  0.000000  0.000000
eta_a        0.000000  0.000000  0.000000  0.000000  0.000000
eta_t        0.000000  0.000000  0.000000  0.000000  0.000000
eta_tau      0.000000  0.000000  0.000000  0.000000  0.010000

POLICY AND TRANSITION FUNCTIONS
                                   y             k_Y             l_Y             e_Y           k_agg             l_E             k_E           i_agg               t             t_1             t_2               d           c_pct          c1_pct          c2_pct           y_pct           Y_pct      Y_priv_pct  Y_inc_priv_pct           w_pct         co2_pct          p1_pct          p2_pct          pe_pct             l_1             l_2        inc1_pct        inc2_pct           e_pct          rK_pct         co2_agg               s             tau            mu_Y            mu_E        varrho_Y        varrho_E         k_Y_pct         l_Y_pct         e_Y_pct         k_E_pct         l_E_pct       k_agg_pct               a       res_1_pct       res_2_pct          e1_pct          e2_pct          ec_pct             e_c               g               x             x_1             x_2          x1_pct          x2_pct           x_pct
Constant                    4.373942       29.733121        0.319891        0.167444       36.072876        0.020361        6.339756        0.901822               0               0               0        0.874788               0               0               0               0               0               0               0               0               0               0               0               0        0.341297        0.339991               0               0               0               0        0.698919      624.251267        0.058700        0.094926        0.395419        0.795364        0.581409               0               0               0               0               0               0       45.091095               0               0               0               0               0        0.470466        0.041027        3.425125        2.196355        3.732317               0               0               0
s(-1)                      -0.000252        0.000091       -0.000003               0               0               0       -0.000091       -0.000137               0               0               0       -0.000050       -0.003253       -0.004336       -0.003081       -0.005773       -0.005893       -0.005912       -0.005912       -0.004949       -0.003733       -0.000613       -0.000383       -0.005248               0       -0.000004       -0.004949       -0.006028       -0.001882       -0.006078       -0.000026        0.999386               0               0               0               0       -0.000033        0.000305       -0.000823       -0.000524       -0.001431       -0.002560               0       -0.000171       -0.004949       -0.003464       -0.003409       -0.002108       -0.002366       -0.000011       -0.000002       -0.000114       -0.000098       -0.000118       -0.004459       -0.003158       -0.003325
a(-1)                       0.023146        0.657993       -0.000812        0.001975        0.800000       -0.000046        0.142007       -0.017577               0               0               0        0.004629        1.183145        0.858986        1.234421        0.529174        0.534659        0.531337        0.531337        0.783038        0.908723       -0.075948       -0.047470       -0.650238               0       -0.001073        0.783038        0.500973        1.253206       -1.683822        0.006351        0.003404               0               0               0               0       -0.004053        2.212995       -0.253865        1.179412        2.239950       -0.226910        2.217733        0.953028        0.783038        1.186951        0.973844        1.354975        1.279471        0.006019        0.000373        0.040281        0.018533        0.045718        0.843797        1.224927        1.176047
e_a(-1)                     4.931158       -0.059526        0.106022        0.033204               0        0.006980        0.059526        3.966199               0               0               0        0.986232       26.342176       68.744585       19.634913      112.739455      112.375786      112.830899      112.830899       79.596417       61.123421       10.851832        6.782748       92.909682               0        0.141252       79.596417      116.840194       14.276230      112.939656        0.427203        0.228938               0               0               0               0        0.579097       -0.200202       33.143038       19.829773        0.938935       34.282174               0        4.957749       79.596417       26.417661       52.333015        2.409526       12.299662        0.057866        0.025077        0.938283        1.557544        0.783468       70.914951       20.991462       27.394132
e_e(-1)                     0.384285        2.904103        0.014820        0.153610               0       -0.010372       -2.904103        0.112797               0               0               0        0.076857        8.897689       13.841773        8.115629        8.785772        4.517628        4.324472        4.324472        4.152963       26.269782       -9.688810       -6.055822      -82.952286               0        0.005560        4.152963        4.345163       42.138432       -0.981459        0.183605        0.098394               0               0               0               0       -0.517033        9.767231        4.632809       91.738057      -45.807799      -50.942221               0        0.140996        4.152963        2.059807       28.494468       23.494921       24.485361        0.115195        0.010778        0.258448        0.261454        0.257697       11.904011        6.904464        7.545654
e_tau(-1)                  -0.002961        0.081753       -0.000267       -0.005274               0       -0.000336       -0.081753       -0.018748               0               0               0       -0.000592       -0.292720       -0.641486       -0.237552       -0.067700       -0.062903       -0.466203       -0.466203       -0.320805      -14.645447        0.320682        0.200437        2.745569               0       -0.000754       -0.320805       -0.483743       -1.432933       -0.679312       -0.102360       -0.054855        0.035220        0.033503        0.139560       -0.002678       -0.003116        0.274956       -0.083552       -3.149925       -1.289529       -1.648037               0       -0.023435       -0.320805       -0.037115       -1.126464       -0.746578       -0.821836       -0.003866        0.018607       -0.008432       -0.012681       -0.007370       -0.577350       -0.197464       -0.246184
eta_e                       0.426983        3.226781        0.016467        0.170678               0       -0.011525       -3.226781        0.125330               0               0               0        0.085397        9.886322       15.379747        9.017365        9.761968        5.019587        4.804969        4.804969        4.614403       29.188647      -10.765345       -6.728691      -92.169206               0        0.006178        4.614403        4.827958       46.820480       -1.090510        0.204005        0.109326               0               0               0               0       -0.574481       10.852479        5.147566      101.931175      -50.897555      -56.602468               0        0.156662        4.614403        2.288674       31.660520       26.105468       27.205956        0.127995        0.011975        0.287165        0.290505        0.286329       13.226678        7.671627        8.384060
eta_a                       5.479064       -0.066140        0.117802        0.036893               0        0.007756        0.066140        4.406888               0               0               0        1.095813       29.269084       76.382872       21.816570      125.266061      124.861984      125.367666      125.367666       88.440463       67.914912       12.057591        7.536387      103.232980               0        0.156947       88.440463      129.822437       15.862478      125.488507        0.474670        0.254376               0               0               0               0        0.643441       -0.222446       36.825598       22.033081        1.043261       38.091305               0        5.508610       88.440463       29.352957       58.147794        2.677251       13.666291        0.064295        0.027863        1.042537        1.730605        0.870520       78.794390       23.323847       30.437925
eta_tau                    -0.004935        0.136255       -0.000445       -0.008791               0       -0.000559       -0.136255       -0.031247               0               0               0       -0.000987       -0.487866       -1.069144       -0.395919       -0.112833       -0.104838       -0.777005       -0.777005       -0.534674      -24.409078        0.534470        0.334061        4.575948               0       -0.001256       -0.534674       -0.806239       -2.388221       -1.132187       -0.170600       -0.091424        0.058700        0.055839        0.232599       -0.004463       -0.005193        0.458260       -0.139253       -5.249875       -2.149216       -2.746729               0       -0.039059       -0.534674       -0.061858       -1.877440       -1.244296       -1.369726       -0.006444        0.031012       -0.014054       -0.021134       -0.012283       -0.962250       -0.329107       -0.410307


THEORETICAL MOMENTS
VARIABLE               MEAN  STD. DEV.   VARIANCE
y                    4.3739     0.0010     0.0000
k_Y                 29.7331     0.0234     0.0005
l_Y                  0.3199     0.0001     0.0000
e_Y                  0.1674     0.0011     0.0000
k_agg               36.0729     0.0246     0.0006
l_E                  0.0204     0.0001     0.0000
k_E                  6.3398     0.0185     0.0003
i_agg                0.9018     0.0038     0.0000
t                    0.0000     0.0000     0.0000
t_1                  0.0000     0.0000     0.0000
t_2                  0.0000     0.0000     0.0000
d                    0.8748     0.0002     0.0000
c_pct                0.0000     0.0775     0.0060
c1_pct               0.0000     0.1417     0.0201
c2_pct               0.0000     0.0685     0.0047
y_pct                0.0000     0.0236     0.0006
Y_pct                0.0000     0.0230     0.0005
Y_priv_pct           0.0000     0.1019     0.0104
Y_inc_priv_pct       0.0000     0.1019     0.0104
w_pct                0.0000     0.0757     0.0057
co2_pct              0.0000     3.0574     9.3477
p1_pct               0.0000     0.0674     0.0045
p2_pct               0.0000     0.0421     0.0018
pe_pct               0.0000     0.5769     0.3328
l_1                  0.3413     0.0000     0.0000
l_2                  0.3400     0.0002     0.0000
inc1_pct             0.0000     0.0757     0.0057
inc2_pct             0.0000     0.1052     0.0111
e_pct                0.0000     0.3093     0.0957
rK_pct               0.0000     0.1396     0.0195
co2_agg              0.6989     0.0214     0.0005
s                  624.2513     0.6653     0.4426
tau                  0.0587     0.0073     0.0001
mu_Y                 0.0949     0.0070     0.0000
mu_E                 0.3954     0.0291     0.0008
varrho_Y             0.7954     0.0006     0.0000
varrho_E             0.5814     0.0006     0.0000
k_Y_pct              0.0000     0.0785     0.0062
l_Y_pct              0.0000     0.0174     0.0003
e_Y_pct              0.0000     0.6652     0.4425
k_E_pct              0.0000     0.2917     0.0851
l_E_pct              0.0000     0.3418     0.1168
k_agg_pct            0.0000     0.0681     0.0046
a                   45.0911     0.0307     0.0009
res_1_pct            0.0000     0.0757     0.0057
res_2_pct            0.0000     0.0386     0.0015
e1_pct               0.0000     0.2430     0.0591
e2_pct               0.0000     0.1696     0.0288
ec_pct               0.0000     0.1839     0.0338
e_c                  0.4705     0.0009     0.0000
g                    0.0410     0.0039     0.0000
x                    3.4251     0.0024     0.0000
x_1                  2.1964     0.0028     0.0000
x_2                  3.7323     0.0023     0.0000
x1_pct               0.0000     0.1284     0.0165
x2_pct               0.0000     0.0614     0.0038
x_pct                0.0000     0.0688     0.0047



VARIANCE DECOMPOSITION (in percent)
                    eta_b    eta_e    eta_a    eta_t  eta_tau
y                    0.00     0.00     0.00     0.00   100.00
k_Y                  0.00     0.00     0.00     0.00   100.00
l_Y                  0.00     0.00     0.00     0.00   100.00
e_Y                  0.00     0.00     0.00     0.00   100.00
k_agg                0.00     0.00     0.00     0.00   100.00
l_E                  0.00     0.00     0.00     0.00   100.00
k_E                  0.00     0.00     0.00     0.00   100.00
i_agg                0.00     0.00     0.00     0.00   100.00
t                    0.00     0.00     0.00     0.00   100.00
t_1                  0.00     0.00     0.00     0.00   100.00
t_2                  0.00     0.00     0.00     0.00   100.00
d                    0.00     0.00     0.00     0.00   100.00
c_pct                0.00     0.00     0.00     0.00   100.00
c1_pct               0.00     0.00     0.00     0.00   100.00
c2_pct               0.00     0.00     0.00     0.00   100.00
y_pct                0.00     0.00     0.00     0.00   100.00
Y_pct                0.00     0.00     0.00     0.00   100.00
Y_priv_pct           0.00     0.00     0.00     0.00   100.00
Y_inc_priv_pct       0.00     0.00     0.00     0.00   100.00
w_pct                0.00     0.00     0.00     0.00   100.00
co2_pct              0.00     0.00     0.00     0.00   100.00
p1_pct               0.00     0.00     0.00     0.00   100.00
p2_pct               0.00     0.00     0.00     0.00   100.00
pe_pct               0.00     0.00     0.00     0.00   100.00
l_1                  0.00     0.00     0.00     0.00   100.00
l_2                  0.00     0.00     0.00     0.00   100.00
inc1_pct             0.00     0.00     0.00     0.00   100.00
inc2_pct             0.00     0.00     0.00     0.00   100.00
e_pct                0.00     0.00     0.00     0.00   100.00
rK_pct               0.00     0.00     0.00     0.00   100.00
co2_agg              0.00     0.00     0.00     0.00   100.00
s                    0.00     0.00     0.00     0.00   100.00
tau                  0.00     0.00     0.00     0.00   100.00
mu_Y                 0.00     0.00     0.00     0.00   100.00
mu_E                 0.00     0.00     0.00     0.00   100.00
varrho_Y             0.00     0.00     0.00     0.00   100.00
varrho_E             0.00     0.00     0.00     0.00   100.00
k_Y_pct              0.00     0.00     0.00     0.00   100.00
l_Y_pct              0.00     0.00     0.00     0.00   100.00
e_Y_pct              0.00     0.00     0.00     0.00   100.00
k_E_pct              0.00     0.00     0.00     0.00   100.00
l_E_pct              0.00     0.00     0.00     0.00   100.00
k_agg_pct            0.00     0.00     0.00     0.00   100.00
a                    0.00     0.00     0.00     0.00   100.00
res_1_pct            0.00     0.00     0.00     0.00   100.00
res_2_pct            0.00     0.00     0.00     0.00   100.00
e1_pct               0.00     0.00     0.00     0.00   100.00
e2_pct               0.00     0.00     0.00     0.00   100.00
ec_pct               0.00     0.00     0.00     0.00   100.00
e_c                  0.00     0.00     0.00     0.00   100.00
g                    0.00     0.00     0.00     0.00   100.00
x                    0.00     0.00     0.00     0.00   100.00
x_1                  0.00     0.00     0.00     0.00   100.00
x_2                  0.00     0.00     0.00     0.00   100.00
x1_pct               0.00     0.00     0.00     0.00   100.00
x2_pct               0.00     0.00     0.00     0.00   100.00
x_pct                0.00     0.00     0.00     0.00   100.00



MATRIX OF CORRELATIONS
Variables                      y             k_Y             l_Y             e_Y           k_agg             l_E             k_E           i_agg               d           c_pct          c1_pct          c2_pct           y_pct           Y_pct      Y_priv_pct  Y_inc_priv_pct           w_pct         co2_pct          p1_pct          p2_pct          pe_pct             l_2        inc1_pct        inc2_pct           e_pct          rK_pct         co2_agg               s             tau            mu_Y            mu_E        varrho_Y        varrho_E         k_Y_pct         l_Y_pct         e_Y_pct         k_E_pct         l_E_pct       k_agg_pct               a       res_1_pct       res_2_pct          e1_pct          e2_pct          ec_pct             e_c               g               x             x_1             x_2          x1_pct          x2_pct           x_pct
y                         1.0000          0.1453          0.3894          0.7789          0.7966          0.7329          0.8745          0.6504          1.0000          0.9618          0.8521          0.9802          1.0000          0.9994          0.8400          0.8400          0.9127          0.7513         -0.7665         -0.7665         -0.7665          0.5939          0.9127          0.8327          0.8188          0.4621          0.7513         -0.0341         -0.7455         -0.7455         -0.7455          0.7455          0.6090          0.1453          0.3894          0.7789          0.8745          0.7329          0.7966          0.8779          0.9127          0.9032          0.8185          0.8793          0.8646          0.8646         -0.7437          0.9752          0.8600          0.9887          0.8600          0.9887          0.9752
k_Y                       0.1453          1.0000         -0.8530         -0.4912          0.7031         -0.5539         -0.3288         -0.6502          0.1453         -0.0958         -0.3774         -0.0020          0.1453          0.1770         -0.4032         -0.4032         -0.2551         -0.5292          0.5071          0.5071          0.5071         -0.7035         -0.2551         -0.4156         -0.4309         -0.8076         -0.5292          0.1005          0.5366          0.5366          0.5366         -0.5366         -0.6917          1.0000         -0.8530         -0.4912         -0.3288         -0.5539          0.7031          0.5843         -0.2551          0.5492         -0.4328         -0.3205         -0.3503         -0.3503          0.5390         -0.0346         -0.3633          0.0673         -0.3633          0.0673         -0.0346
l_Y                       0.3894         -0.8530          1.0000          0.8729         -0.2292          0.9064          0.7727          0.9510          0.3894          0.6010          0.8049          0.5234          0.3894          0.3591          0.8215          0.8215          0.7222          0.8936         -0.8815         -0.8815         -0.8815          0.9708          0.7222          0.8291          0.8379          0.9966          0.8936         -0.0553         -0.8974         -0.8974         -0.8974          0.8974          0.9669         -0.8530          1.0000          0.8729          0.7727          0.9064         -0.2292         -0.0754          0.7222         -0.0323          0.8391          0.7672          0.7871          0.7871         -0.8987          0.5509          0.7959          0.4632          0.7959          0.4632          0.5509
e_Y                       0.7789         -0.4912          0.8729          1.0000          0.2740          0.9973          0.9841          0.9809          0.7789          0.9138          0.9918          0.8716          0.7789          0.7575          0.9945          0.9945          0.9667          0.9990         -0.9998         -0.9998         -0.9998          0.9645          0.9667          0.9957          0.9977          0.9099          0.9990          0.0500         -0.9986         -0.9986         -0.9986          0.9986          0.9682         -0.4912          0.8729          1.0000          0.9841          0.9973          0.2740          0.4198          0.9667          0.4563          0.9978          0.9825          0.9879          0.9879         -0.9984          0.8871          0.9897          0.8355          0.9897          0.8355          0.8871
k_agg                     0.7966          0.7031         -0.2292          0.2740          1.0000          0.2026          0.4404          0.0829          0.7966          0.6402          0.3931          0.7094          0.7966          0.8143          0.3668          0.3668          0.5076          0.2312         -0.2563         -0.2563         -0.2563          0.0107          0.5076          0.3541          0.3387         -0.1488          0.2312          0.1495         -0.2227         -0.2227         -0.2227          0.2227          0.0268          0.7031         -0.2292          0.2740          0.4404          0.2026          1.0000          0.9879          0.5076          0.9789          0.3367          0.4482          0.4197          0.4197         -0.2199          0.6861          0.4069          0.7565          0.4069          0.7565          0.6861
l_E                       0.7329         -0.5539          0.9064          0.9973          0.2026          1.0000          0.9684          0.9925          0.7329          0.8816          0.9799          0.8334          0.7329          0.7098          0.9847          0.9847          0.9457          0.9996         -0.9984         -0.9984         -0.9984          0.9813          0.9457          0.9870          0.9900          0.9379          0.9996          0.0352         -0.9998         -0.9998         -0.9998          0.9998          0.9839         -0.5539          0.9064          0.9973          0.9684          1.0000          0.2026          0.3520          0.9457          0.3900          0.9903          0.9662          0.9739          0.9739         -0.9998          0.8509          0.9768          0.7930          0.9768          0.7930          0.8509
k_E                       0.8745         -0.3288          0.7727          0.9841          0.4404          0.9684          1.0000          0.9311          0.8745          0.9713          0.9985          0.9447          0.8745          0.8579          0.9962          0.9962          0.9963          0.9753         -0.9807         -0.9807         -0.9807          0.9024          0.9963          0.9950          0.9939          0.8220          0.9753          0.0716         -0.9733         -0.9733         -0.9733          0.9733          0.9089         -0.3288          0.7727          0.9841          1.0000          0.9684          0.4404          0.5742          0.9963          0.6068          0.9937          0.9999          0.9997          0.9997         -0.9727          0.9548          0.9991          0.9196          0.9991          0.9196          0.9548
i_agg                     0.6504         -0.6502          0.9510          0.9809          0.0829          0.9925          0.9311          1.0000          0.6504          0.8186          0.9489          0.7610          0.6504          0.6250          0.9574          0.9574          0.9004          0.9885         -0.9841         -0.9841         -0.9841          0.9974          0.9004          0.9612          0.9655          0.9731          0.9885         -0.0010         -0.9897         -0.9897         -0.9897          0.9897          0.9984         -0.6502          0.9510          0.9809          0.9311          0.9925          0.0829          0.2364          0.9004          0.2773          0.9662          0.9279          0.9392          0.9392         -0.9901          0.7818          0.9440          0.7142          0.9440          0.7142          0.7818
d                         1.0000          0.1453          0.3894          0.7789          0.7966          0.7329          0.8745          0.6504          1.0000          0.9618          0.8521          0.9802          1.0000          0.9994          0.8400          0.8400          0.9127          0.7513         -0.7665         -0.7665         -0.7665          0.5939          0.9127          0.8327          0.8188          0.4621          0.7513         -0.0341         -0.7455         -0.7455         -0.7455          0.7455          0.6090          0.1453          0.3894          0.7789          0.8745          0.7329          0.7966          0.8779          0.9127          0.9032          0.8185          0.8793          0.8646          0.8646         -0.7437          0.9752          0.8600          0.9887          0.8600          0.9887          0.9752
c_pct                     0.9618         -0.0958          0.6010          0.9138          0.6402          0.8816          0.9713          0.8186          0.9618          1.0000          0.9579          0.9956          0.9618          0.9525          0.9495          0.9495          0.9868          0.8950         -0.9060         -0.9060         -0.9060          0.7749          0.9868          0.9451          0.9393          0.6644          0.8950          0.0760         -0.8910         -0.8910         -0.8910          0.8910          0.7850         -0.0958          0.6010          0.9138          0.9713          0.8816          0.6402          0.7516          0.9868          0.7784          0.9387          0.9734          0.9657          0.9657         -0.8897          0.9981          0.9622          0.9867          0.9622          0.9867          0.9981
c1_pct                    0.8521         -0.3774          0.8049          0.9918          0.3931          0.9799          0.9985          0.9489          0.8521          0.9579          1.0000          0.9268          0.8521          0.8342          0.9994          0.9994          0.9915          0.9853         -0.9892         -0.9892         -0.9892          0.9237          0.9915          0.9990          0.9982          0.8508          0.9853          0.0480         -0.9837         -0.9837         -0.9837          0.9837          0.9296         -0.3774          0.8049          0.9918          0.9985          0.9799          0.3931          0.5309          0.9915          0.5657          0.9981          0.9981          0.9995          0.9995         -0.9832          0.9385          0.9999          0.8985          0.9999          0.8985          0.9385
c2_pct                    0.9802         -0.0020          0.5234          0.8716          0.7094          0.8334          0.9447          0.7610          0.9802          0.9956          0.9268          1.0000          0.9802          0.9738          0.9158          0.9158          0.9673          0.8491         -0.8623         -0.8623         -0.8623          0.7121          0.9673          0.9103          0.9029          0.5913          0.8491          0.0838         -0.8445         -0.8445         -0.8445          0.8445          0.7235         -0.0020          0.5234          0.8716          0.9447          0.8334          0.7094          0.8101          0.9673          0.8339          0.9022          0.9476          0.9371          0.9371         -0.8429          0.9995          0.9324          0.9976          0.9324          0.9976          0.9995
y_pct                     1.0000          0.1453          0.3894          0.7789          0.7966          0.7329          0.8745          0.6504          1.0000          0.9618          0.8521          0.9802          1.0000          0.9994          0.8400          0.8400          0.9127          0.7513         -0.7665         -0.7665         -0.7665          0.5939          0.9127          0.8327          0.8188          0.4621          0.7513         -0.0341         -0.7455         -0.7455         -0.7455          0.7455          0.6090          0.1453          0.3894          0.7789          0.8745          0.7329          0.7966          0.8779          0.9127          0.9032          0.8185          0.8793          0.8646          0.8646         -0.7437          0.9752          0.8600          0.9887          0.8600          0.9887          0.9752
Y_pct                     0.9994          0.1770          0.3591          0.7575          0.8143          0.7098          0.8579          0.6250          0.9994          0.9525          0.8342          0.9738          0.9994          1.0000          0.8215          0.8215          0.8986          0.7289         -0.7447         -0.7447         -0.7447          0.5670          0.8986          0.8138          0.7992          0.4328          0.7289         -0.0392         -0.7229         -0.7229         -0.7229          0.7229          0.5825          0.1770          0.3591          0.7575          0.8579          0.7098          0.8143          0.8912          0.8986          0.9156          0.7988          0.8630          0.8474          0.8474         -0.7210          0.9678          0.8425          0.9845          0.8425          0.9845          0.9678
Y_priv_pct                0.8400         -0.4032          0.8215          0.9945          0.3668          0.9847          0.9962          0.9574          0.8400          0.9495          0.9994          0.9158          0.8400          0.8215          1.0000          1.0000          0.9877          0.9892         -0.9922         -0.9922         -0.9922          0.9339          0.9877          0.9999          0.9990          0.8653          0.9892          0.0263         -0.9879         -0.9879         -0.9879          0.9879          0.9398         -0.4032          0.8215          0.9945          0.9962          0.9847          0.3668          0.5066          0.9877          0.5430          0.9991          0.9956          0.9979          0.9979         -0.9874          0.9285          0.9989          0.8859          0.9989          0.8859          0.9285
Y_inc_priv_pct            0.8400         -0.4032          0.8215          0.9945          0.3668          0.9847          0.9962          0.9574          0.8400          0.9495          0.9994          0.9158          0.8400          0.8215          1.0000          1.0000          0.9877          0.9892         -0.9922         -0.9922         -0.9922          0.9339          0.9877          0.9999          0.9990          0.8653          0.9892          0.0263         -0.9879         -0.9879         -0.9879          0.9879          0.9398         -0.4032          0.8215          0.9945          0.9962          0.9847          0.3668          0.5066          0.9877          0.5430          0.9991          0.9956          0.9979          0.9979         -0.9874          0.9285          0.9989          0.8859          0.9989          0.8859          0.9285
w_pct                     0.9127         -0.2551          0.7222          0.9667          0.5076          0.9457          0.9963          0.9004          0.9127          0.9868          0.9915          0.9673          0.9127          0.8986          0.9877          0.9877          1.0000          0.9546         -0.9616         -0.9616         -0.9616          0.8665          1.0000          0.9855          0.9818          0.7763          0.9546          0.0419         -0.9520         -0.9520         -0.9520          0.9520          0.8748         -0.2551          0.7222          0.9667          0.9963          0.9457          0.5076          0.6350          1.0000          0.6676          0.9816          0.9971          0.9944          0.9944         -0.9511          0.9751          0.9933          0.9475          0.9933          0.9475          0.9751
co2_pct                   0.7513         -0.5292          0.8936          0.9990          0.2312          0.9996          0.9753          0.9885          0.7513          0.8950          0.9853          0.8491          0.7513          0.7289          0.9892          0.9892          0.9546          1.0000         -0.9996         -0.9996         -0.9996          0.9752          0.9546          0.9910          0.9937          0.9273          1.0000          0.0435         -1.0000         -1.0000         -1.0000          1.0000          0.9782         -0.5292          0.8936          0.9990          0.9753          0.9996          0.2312          0.3793          0.9546          0.4166          0.9939          0.9733          0.9801          0.9801         -0.9999          0.8658          0.9825          0.8104          0.9825          0.8104          0.8658
p1_pct                   -0.7665          0.5071         -0.8815         -0.9998         -0.2563         -0.9984         -0.9807         -0.9841         -0.7665         -0.9060         -0.9892         -0.8623         -0.7665         -0.7447         -0.9922         -0.9922         -0.9616         -0.9996          1.0000          1.0000          1.0000         -0.9690         -0.9616         -0.9937         -0.9962         -0.9171         -0.9996         -0.0539          0.9994          0.9994          0.9994         -0.9994         -0.9723          0.5071         -0.8815         -0.9998         -0.9807         -0.9984         -0.2563         -0.4030         -0.9616         -0.4395         -0.9963         -0.9788         -0.9848         -0.9848          0.9993         -0.8782         -0.9868         -0.8250         -0.9868         -0.8250         -0.8782
p2_pct                   -0.7665          0.5071         -0.8815         -0.9998         -0.2563         -0.9984         -0.9807         -0.9841         -0.7665         -0.9060         -0.9892         -0.8623         -0.7665         -0.7447         -0.9922         -0.9922         -0.9616         -0.9996          1.0000          1.0000          1.0000         -0.9690         -0.9616         -0.9937         -0.9962         -0.9171         -0.9996         -0.0539          0.9994          0.9994          0.9994         -0.9994         -0.9723          0.5071         -0.8815         -0.9998         -0.9807         -0.9984         -0.2563         -0.4030         -0.9616         -0.4395         -0.9963         -0.9788         -0.9848         -0.9848          0.9993         -0.8782         -0.9868         -0.8250         -0.9868         -0.8250         -0.8782
pe_pct                   -0.7665          0.5071         -0.8815         -0.9998         -0.2563         -0.9984         -0.9807         -0.9841         -0.7665         -0.9060         -0.9892         -0.8623         -0.7665         -0.7447         -0.9922         -0.9922         -0.9616         -0.9996          1.0000          1.0000          1.0000         -0.9690         -0.9616         -0.9937         -0.9962         -0.9171         -0.9996         -0.0539          0.9994          0.9994          0.9994         -0.9994         -0.9723          0.5071         -0.8815         -0.9998         -0.9807         -0.9984         -0.2563         -0.4030         -0.9616         -0.4395         -0.9963         -0.9788         -0.9848         -0.9848          0.9993         -0.8782         -0.9868         -0.8250         -0.9868         -0.8250         -0.8782
l_2                       0.5939         -0.7035          0.9708          0.9645          0.0107          0.9813          0.9024          0.9974          0.5939          0.7749          0.9237          0.7121          0.5939          0.5670          0.9339          0.9339          0.8665          0.9752         -0.9690         -0.9690         -0.9690          1.0000          0.8665          0.9387          0.9444          0.9872          0.9752         -0.0052         -0.9771         -0.9771         -0.9771          0.9771          0.9997         -0.7035          0.9708          0.9645          0.9024          0.9813          0.0107          0.1656          0.8665          0.2069          0.9451          0.8986          0.9121          0.9121         -0.9777          0.7346          0.9177          0.6617          0.9177          0.6617          0.7346
inc1_pct                  0.9127         -0.2551          0.7222          0.9667          0.5076          0.9457          0.9963          0.9004          0.9127          0.9868          0.9915          0.9673          0.9127          0.8986          0.9877          0.9877          1.0000          0.9546         -0.9616         -0.9616         -0.9616          0.8665          1.0000          0.9855          0.9818          0.7763          0.9546          0.0419         -0.9520         -0.9520         -0.9520          0.9520          0.8748         -0.2551          0.7222          0.9667          0.9963          0.9457          0.5076          0.6350          1.0000          0.6676          0.9816          0.9971          0.9944          0.9944         -0.9511          0.9751          0.9933          0.9475          0.9933          0.9475          0.9751
inc2_pct                  0.8327         -0.4156          0.8291          0.9957          0.3541          0.9870          0.9950          0.9612          0.8327          0.9451          0.9990          0.9103          0.8327          0.8138          0.9999          0.9999          0.9855          0.9910         -0.9937         -0.9937         -0.9937          0.9387          0.9855          1.0000          0.9993          0.8721          0.9910          0.0249         -0.9898         -0.9898         -0.9898          0.9898          0.9443         -0.4156          0.8291          0.9957          0.9950          0.9870          0.3541          0.4948          0.9855          0.5315          0.9994          0.9943          0.9971          0.9971         -0.9894          0.9233          0.9983          0.8795          0.9983          0.8795          0.9233
e_pct                     0.8188         -0.4309          0.8379          0.9977          0.3387          0.9900          0.9939          0.9655          0.8188          0.9393          0.9982          0.9029          0.8188          0.7992          0.9990          0.9990          0.9818          0.9937         -0.9962         -0.9962         -0.9962          0.9444          0.9818          0.9993          1.0000          0.8797          0.9937          0.0560         -0.9927         -0.9927         -0.9927          0.9927          0.9492         -0.4309          0.8379          0.9977          0.9939          0.9900          0.3387          0.4805          0.9818          0.5157          1.0000          0.9929          0.9962          0.9962         -0.9923          0.9164          0.9971          0.8709          0.9971          0.8709          0.9164
rK_pct                    0.4621         -0.8076          0.9966          0.9099         -0.1488          0.9379          0.8220          0.9731          0.4621          0.6644          0.8508          0.5913          0.4621          0.4328          0.8653          0.8653          0.7763          0.9273         -0.9171         -0.9171         -0.9171          0.9872          0.7763          0.8721          0.8797          1.0000          0.9273         -0.0407         -0.9305         -0.9305         -0.9305          0.9305          0.9845         -0.8076          0.9966          0.9099          0.8220          0.9379         -0.1488          0.0064          0.7763          0.0493          0.8808          0.8171          0.8350          0.8350         -0.9315          0.6173          0.8427          0.5340          0.8427          0.5340          0.6173
co2_agg                   0.7513         -0.5292          0.8936          0.9990          0.2312          0.9996          0.9753          0.9885          0.7513          0.8950          0.9853          0.8491          0.7513          0.7289          0.9892          0.9892          0.9546          1.0000         -0.9996         -0.9996         -0.9996          0.9752          0.9546          0.9910          0.9937          0.9273          1.0000          0.0435         -1.0000         -1.0000         -1.0000          1.0000          0.9782         -0.5292          0.8936          0.9990          0.9753          0.9996          0.2312          0.3793          0.9546          0.4166          0.9939          0.9733          0.9801          0.9801         -0.9999          0.8658          0.9825          0.8104          0.9825          0.8104          0.8658
s                        -0.0341          0.1005         -0.0553          0.0500          0.1495          0.0352          0.0716         -0.0010         -0.0341          0.0760          0.0480          0.0838         -0.0341         -0.0392          0.0263          0.0263          0.0419          0.0435         -0.0539         -0.0539         -0.0539         -0.0052          0.0419          0.0249          0.0560         -0.0407          0.0435          1.0000         -0.0430         -0.0430         -0.0430          0.0430         -0.0197          0.1005         -0.0553          0.0500          0.0716          0.0352          0.1495          0.1456          0.0419          0.0899          0.0506          0.0678          0.0634          0.0634         -0.0428          0.0783          0.0473          0.0861          0.0473          0.0861          0.0783
tau                      -0.7455          0.5366         -0.8974         -0.9986         -0.2227         -0.9998         -0.9733         -0.9897         -0.7455         -0.8910         -0.9837         -0.8445         -0.7455         -0.7229         -0.9879         -0.9879         -0.9520         -1.0000          0.9994          0.9994          0.9994         -0.9771         -0.9520         -0.9898         -0.9927         -0.9305         -1.0000         -0.0430          1.0000          1.0000          1.0000         -1.0000         -0.9799          0.5366         -0.8974         -0.9986         -0.9733         -0.9998         -0.2227         -0.3712         -0.9520         -0.4086         -0.9929         -0.9713         -0.9783         -0.9783          1.0000         -0.8614         -0.9809         -0.8052         -0.9809         -0.8052         -0.8614
mu_Y                     -0.7455          0.5366         -0.8974         -0.9986         -0.2227         -0.9998         -0.9733         -0.9897         -0.7455         -0.8910         -0.9837         -0.8445         -0.7455         -0.7229         -0.9879         -0.9879         -0.9520         -1.0000          0.9994          0.9994          0.9994         -0.9771         -0.9520         -0.9898         -0.9927         -0.9305         -1.0000         -0.0430          1.0000          1.0000          1.0000         -1.0000         -0.9799          0.5366         -0.8974         -0.9986         -0.9733         -0.9998         -0.2227         -0.3712         -0.9520         -0.4086         -0.9929         -0.9713         -0.9783         -0.9783          1.0000         -0.8614         -0.9809         -0.8052         -0.9809         -0.8052         -0.8614
mu_E                     -0.7455          0.5366         -0.8974         -0.9986         -0.2227         -0.9998         -0.9733         -0.9897         -0.7455         -0.8910         -0.9837         -0.8445         -0.7455         -0.7229         -0.9879         -0.9879         -0.9520         -1.0000          0.9994          0.9994          0.9994         -0.9771         -0.9520         -0.9898         -0.9927         -0.9305         -1.0000         -0.0430          1.0000          1.0000          1.0000         -1.0000         -0.9799          0.5366         -0.8974         -0.9986         -0.9733         -0.9998         -0.2227         -0.3712         -0.9520         -0.4086         -0.9929         -0.9713         -0.9783         -0.9783          1.0000         -0.8614         -0.9809         -0.8052         -0.9809         -0.8052         -0.8614
varrho_Y                  0.7455         -0.5366          0.8974          0.9986          0.2227          0.9998          0.9733          0.9897          0.7455          0.8910          0.9837          0.8445          0.7455          0.7229          0.9879          0.9879          0.9520          1.0000         -0.9994         -0.9994         -0.9994          0.9771          0.9520          0.9898          0.9927          0.9305          1.0000          0.0430         -1.0000         -1.0000         -1.0000          1.0000          0.9799         -0.5366          0.8974          0.9986          0.9733          0.9998          0.2227          0.3712          0.9520          0.4086          0.9929          0.9713          0.9783          0.9783         -1.0000          0.8614          0.9809          0.8052          0.9809          0.8052          0.8614
varrho_E                  0.6090         -0.6917          0.9669          0.9682          0.0268          0.9839          0.9089          0.9984          0.6090          0.7850          0.9296          0.7235          0.6090          0.5825          0.9398          0.9398          0.8748          0.9782         -0.9723         -0.9723         -0.9723          0.9997          0.8748          0.9443          0.9492          0.9845          0.9782         -0.0197         -0.9799         -0.9799         -0.9799          0.9799          1.0000         -0.6917          0.9669          0.9682          0.9089          0.9839          0.0268          0.1815          0.8748          0.2235          0.9500          0.9053          0.9183          0.9183         -0.9805          0.7456          0.9240          0.6739          0.9240          0.6739          0.7456
k_Y_pct                   0.1453          1.0000         -0.8530         -0.4912          0.7031         -0.5539         -0.3288         -0.6502          0.1453         -0.0958         -0.3774         -0.0020          0.1453          0.1770         -0.4032         -0.4032         -0.2551         -0.5292          0.5071          0.5071          0.5071         -0.7035         -0.2551         -0.4156         -0.4309         -0.8076         -0.5292          0.1005          0.5366          0.5366          0.5366         -0.5366         -0.6917          1.0000         -0.8530         -0.4912         -0.3288         -0.5539          0.7031          0.5843         -0.2551          0.5492         -0.4328         -0.3205         -0.3503         -0.3503          0.5390         -0.0346         -0.3633          0.0673         -0.3633          0.0673         -0.0346
l_Y_pct                   0.3894         -0.8530          1.0000          0.8729         -0.2292          0.9064          0.7727          0.9510          0.3894          0.6010          0.8049          0.5234          0.3894          0.3591          0.8215          0.8215          0.7222          0.8936         -0.8815         -0.8815         -0.8815          0.9708          0.7222          0.8291          0.8379          0.9966          0.8936         -0.0553         -0.8974         -0.8974         -0.8974          0.8974          0.9669         -0.8530          1.0000          0.8729          0.7727          0.9064         -0.2292         -0.0754          0.7222         -0.0323          0.8391          0.7672          0.7871          0.7871         -0.8987          0.5509          0.7959          0.4632          0.7959          0.4632          0.5509
e_Y_pct                   0.7789         -0.4912          0.8729          1.0000          0.2740          0.9973          0.9841          0.9809          0.7789          0.9138          0.9918          0.8716          0.7789          0.7575          0.9945          0.9945          0.9667          0.9990         -0.9998         -0.9998         -0.9998          0.9645          0.9667          0.9957          0.9977          0.9099          0.9990          0.0500         -0.9986         -0.9986         -0.9986          0.9986          0.9682         -0.4912          0.8729          1.0000          0.9841          0.9973          0.2740          0.4198          0.9667          0.4563          0.9978          0.9825          0.9879          0.9879         -0.9984          0.8871          0.9897          0.8355          0.9897          0.8355          0.8871
k_E_pct                   0.8745         -0.3288          0.7727          0.9841          0.4404          0.9684          1.0000          0.9311          0.8745          0.9713          0.9985          0.9447          0.8745          0.8579          0.9962          0.9962          0.9963          0.9753         -0.9807         -0.9807         -0.9807          0.9024          0.9963          0.9950          0.9939          0.8220          0.9753          0.0716         -0.9733         -0.9733         -0.9733          0.9733          0.9089         -0.3288          0.7727          0.9841          1.0000          0.9684          0.4404          0.5742          0.9963          0.6068          0.9937          0.9999          0.9997          0.9997         -0.9727          0.9548          0.9991          0.9196          0.9991          0.9196          0.9548
l_E_pct                   0.7329         -0.5539          0.9064          0.9973          0.2026          1.0000          0.9684          0.9925          0.7329          0.8816          0.9799          0.8334          0.7329          0.7098          0.9847          0.9847          0.9457          0.9996         -0.9984         -0.9984         -0.9984          0.9813          0.9457          0.9870          0.9900          0.9379          0.9996          0.0352         -0.9998         -0.9998         -0.9998          0.9998          0.9839         -0.5539          0.9064          0.9973          0.9684          1.0000          0.2026          0.3520          0.9457          0.3900          0.9903          0.9662          0.9739          0.9739         -0.9998          0.8509          0.9768          0.7930          0.9768          0.7930          0.8509
k_agg_pct                 0.7966          0.7031         -0.2292          0.2740          1.0000          0.2026          0.4404          0.0829          0.7966          0.6402          0.3931          0.7094          0.7966          0.8143          0.3668          0.3668          0.5076          0.2312         -0.2563         -0.2563         -0.2563          0.0107          0.5076          0.3541          0.3387         -0.1488          0.2312          0.1495         -0.2227         -0.2227         -0.2227          0.2227          0.0268          0.7031         -0.2292          0.2740          0.4404          0.2026          1.0000          0.9879          0.5076          0.9789          0.3367          0.4482          0.4197          0.4197         -0.2199          0.6861          0.4069          0.7565          0.4069          0.7565          0.6861
a                         0.8779          0.5843         -0.0754          0.4198          0.9879          0.3520          0.5742          0.2364          0.8779          0.7516          0.5309          0.8101          0.8779          0.8912          0.5066          0.5066          0.6350          0.3793         -0.4030         -0.4030         -0.4030          0.1656          0.6350          0.4948          0.4805          0.0064          0.3793          0.1456         -0.3712         -0.3712         -0.3712          0.3712          0.1815          0.5843         -0.0754          0.4198          0.5742          0.3520          0.9879          1.0000          0.6350          0.9976          0.4787          0.5814          0.5554          0.5554         -0.3685          0.7906          0.5437          0.8487          0.5437          0.8487          0.7906
res_1_pct                 0.9127         -0.2551          0.7222          0.9667          0.5076          0.9457          0.9963          0.9004          0.9127          0.9868          0.9915          0.9673          0.9127          0.8986          0.9877          0.9877          1.0000          0.9546         -0.9616         -0.9616         -0.9616          0.8665          1.0000          0.9855          0.9818          0.7763          0.9546          0.0419         -0.9520         -0.9520         -0.9520          0.9520          0.8748         -0.2551          0.7222          0.9667          0.9963          0.9457          0.5076          0.6350          1.0000          0.6676          0.9816          0.9971          0.9944          0.9944         -0.9511          0.9751          0.9933          0.9475          0.9933          0.9475          0.9751
res_2_pct                 0.9032          0.5492         -0.0323          0.4563          0.9789          0.3900          0.6068          0.2773          0.9032          0.7784          0.5657          0.8339          0.9032          0.9156          0.5430          0.5430          0.6676          0.4166         -0.4395         -0.4395         -0.4395          0.2069          0.6676          0.5315          0.5157          0.0493          0.4166          0.0899         -0.4086         -0.4086         -0.4086          0.4086          0.2235          0.5492         -0.0323          0.4563          0.6068          0.3900          0.9789          0.9976          0.6676          1.0000          0.5142          0.6140          0.5887          0.5887         -0.4060          0.8156          0.5782          0.8702          0.5782          0.8702          0.8156
e1_pct                    0.8185         -0.4328          0.8391          0.9978          0.3367          0.9903          0.9937          0.9662          0.8185          0.9387          0.9981          0.9022          0.8185          0.7988          0.9991          0.9991          0.9816          0.9939         -0.9963         -0.9963         -0.9963          0.9451          0.9816          0.9994          1.0000          0.8808          0.9939          0.0506         -0.9929         -0.9929         -0.9929          0.9929          0.9500         -0.4328          0.8391          0.9978          0.9937          0.9903          0.3367          0.4787          0.9816          0.5142          1.0000          0.9927          0.9960          0.9960         -0.9926          0.9157          0.9970          0.8700          0.9970          0.8700          0.9157
e2_pct                    0.8793         -0.3205          0.7672          0.9825          0.4482          0.9662          0.9999          0.9279          0.8793          0.9734          0.9981          0.9476          0.8793          0.8630          0.9956          0.9956          0.9971          0.9733         -0.9788         -0.9788         -0.9788          0.8986          0.9971          0.9943          0.9929          0.8171          0.9733          0.0678         -0.9713         -0.9713         -0.9713          0.9713          0.9053         -0.3205          0.7672          0.9825          0.9999          0.9662          0.4482          0.5814          0.9971          0.6140          0.9927          1.0000          0.9995          0.9995         -0.9706          0.9575          0.9989          0.9232          0.9989          0.9232          0.9575
ec_pct                    0.8646         -0.3503          0.7871          0.9879          0.4197          0.9739          0.9997          0.9392          0.8646          0.9657          0.9995          0.9371          0.8646          0.8474          0.9979          0.9979          0.9944          0.9801         -0.9848         -0.9848         -0.9848          0.9121          0.9944          0.9971          0.9962          0.8350          0.9801          0.0634         -0.9783         -0.9783         -0.9783          0.9783          0.9183         -0.3503          0.7871          0.9879          0.9997          0.9739          0.4197          0.5554          0.9944          0.5887          0.9960          0.9995          1.0000          1.0000         -0.9777          0.9479          0.9998          0.9106          0.9998          0.9106          0.9479
e_c                       0.8646         -0.3503          0.7871          0.9879          0.4197          0.9739          0.9997          0.9392          0.8646          0.9657          0.9995          0.9371          0.8646          0.8474          0.9979          0.9979          0.9944          0.9801         -0.9848         -0.9848         -0.9848          0.9121          0.9944          0.9971          0.9962          0.8350          0.9801          0.0634         -0.9783         -0.9783         -0.9783          0.9783          0.9183         -0.3503          0.7871          0.9879          0.9997          0.9739          0.4197          0.5554          0.9944          0.5887          0.9960          0.9995          1.0000          1.0000         -0.9777          0.9479          0.9998          0.9106          0.9998          0.9106          0.9479
g                        -0.7437          0.5390         -0.8987         -0.9984         -0.2199         -0.9998         -0.9727         -0.9901         -0.7437         -0.8897         -0.9832         -0.8429         -0.7437         -0.7210         -0.9874         -0.9874         -0.9511         -0.9999          0.9993          0.9993          0.9993         -0.9777         -0.9511         -0.9894         -0.9923         -0.9315         -0.9999         -0.0428          1.0000          1.0000          1.0000         -1.0000         -0.9805          0.5390         -0.8987         -0.9984         -0.9727         -0.9998         -0.2199         -0.3685         -0.9511         -0.4060         -0.9926         -0.9706         -0.9777         -0.9777          1.0000         -0.8599         -0.9803         -0.8035         -0.9803         -0.8035         -0.8599
x                         0.9752         -0.0346          0.5509          0.8871          0.6861          0.8509          0.9548          0.7818          0.9752          0.9981          0.9385          0.9995          0.9752          0.9678          0.9285          0.9285          0.9751          0.8658         -0.8782         -0.8782         -0.8782          0.7346          0.9751          0.9233          0.9164          0.6173          0.8658          0.0783         -0.8614         -0.8614         -0.8614          0.8614          0.7456         -0.0346          0.5509          0.8871          0.9548          0.8509          0.6861          0.7906          0.9751          0.8156          0.9157          0.9575          0.9479          0.9479         -0.8599          1.0000          0.9436          0.9948          0.9436          0.9948          1.0000
x_1                       0.8600         -0.3633          0.7959          0.9897          0.4069          0.9768          0.9991          0.9440          0.8600          0.9622          0.9999          0.9324          0.8600          0.8425          0.9989          0.9989          0.9933          0.9825         -0.9868         -0.9868         -0.9868          0.9177          0.9933          0.9983          0.9971          0.8427          0.9825          0.0473         -0.9809         -0.9809         -0.9809          0.9809          0.9240         -0.3633          0.7959          0.9897          0.9991          0.9768          0.4069          0.5437          0.9933          0.5782          0.9970          0.9989          0.9998          0.9998         -0.9803          0.9436          1.0000          0.9050          1.0000          0.9050          0.9436
x_2                       0.9887          0.0673          0.4632          0.8355          0.7565          0.7930          0.9196          0.7142          0.9887          0.9867          0.8985          0.9976          0.9887          0.9845          0.8859          0.8859          0.9475          0.8104         -0.8250         -0.8250         -0.8250          0.6617          0.9475          0.8795          0.8709          0.5340          0.8104          0.0861         -0.8052         -0.8052         -0.8052          0.8052          0.6739          0.0673          0.4632          0.8355          0.9196          0.7930          0.7565          0.8487          0.9475          0.8702          0.8700          0.9232          0.9106          0.9106         -0.8035          0.9948          0.9050          1.0000          0.9050          1.0000          0.9948
x1_pct                    0.8600         -0.3633          0.7959          0.9897          0.4069          0.9768          0.9991          0.9440          0.8600          0.9622          0.9999          0.9324          0.8600          0.8425          0.9989          0.9989          0.9933          0.9825         -0.9868         -0.9868         -0.9868          0.9177          0.9933          0.9983          0.9971          0.8427          0.9825          0.0473         -0.9809         -0.9809         -0.9809          0.9809          0.9240         -0.3633          0.7959          0.9897          0.9991          0.9768          0.4069          0.5437          0.9933          0.5782          0.9970          0.9989          0.9998          0.9998         -0.9803          0.9436          1.0000          0.9050          1.0000          0.9050          0.9436
x2_pct                    0.9887          0.0673          0.4632          0.8355          0.7565          0.7930          0.9196          0.7142          0.9887          0.9867          0.8985          0.9976          0.9887          0.9845          0.8859          0.8859          0.9475          0.8104         -0.8250         -0.8250         -0.8250          0.6617          0.9475          0.8795          0.8709          0.5340          0.8104          0.0861         -0.8052         -0.8052         -0.8052          0.8052          0.6739          0.0673          0.4632          0.8355          0.9196          0.7930          0.7565          0.8487          0.9475          0.8702          0.8700          0.9232          0.9106          0.9106         -0.8035          0.9948          0.9050          1.0000          0.9050          1.0000          0.9948
x_pct                     0.9752         -0.0346          0.5509          0.8871          0.6861          0.8509          0.9548          0.7818          0.9752          0.9981          0.9385          0.9995          0.9752          0.9678          0.9285          0.9285          0.9751          0.8658         -0.8782         -0.8782         -0.8782          0.7346          0.9751          0.9233          0.9164          0.6173          0.8658          0.0783         -0.8614         -0.8614         -0.8614          0.8614          0.7456         -0.0346          0.5509          0.8871          0.9548          0.8509          0.6861          0.7906          0.9751          0.8156          0.9157          0.9575          0.9479          0.9479         -0.8599          1.0000          0.9436          0.9948          0.9436          0.9948          1.0000



COEFFICIENTS OF AUTOCORRELATION
Order                  1       2       3       4       5
y                 0.8758  0.7884  0.7237  0.6731  0.6316
k_Y               0.7407  0.5783  0.4745  0.4062  0.3593
l_Y               0.5727  0.3176  0.1657  0.0758  0.0229
e_Y               0.6139  0.3816  0.2415  0.1569  0.1056
k_agg             0.9879  0.9622  0.9292  0.8926  0.8547
l_E               0.5952  0.3525  0.2071  0.1201  0.0681
k_E               0.6730  0.4733  0.3502  0.2731  0.2239
i_agg             0.5734  0.3187  0.1670  0.0772  0.0244
d                 0.8758  0.7884  0.7237  0.6731  0.6316
c_pct             0.7712  0.6258  0.5308  0.4663  0.4206
c1_pct            0.6543  0.4443  0.3158  0.2363  0.1864
c2_pct            0.8113  0.6881  0.6045  0.5452  0.5009
y_pct             0.8758  0.7884  0.7237  0.6731  0.6316
Y_pct             0.8882  0.8076  0.7465  0.6976  0.6566
Y_priv_pct        0.6451  0.4300  0.2988  0.2182  0.1679
Y_inc_priv_pct    0.6451  0.4300  0.2988  0.2182  0.1679
w_pct             0.7037  0.5210  0.4067  0.3336  0.2854
co2_pct           0.6022  0.3634  0.2200  0.1339  0.0821
p1_pct            0.6088  0.3737  0.2322  0.1470  0.0955
p2_pct            0.6088  0.3737  0.2322  0.1470  0.0955
pe_pct            0.6088  0.3737  0.2322  0.1470  0.0955
l_2               0.5656  0.3066  0.1527  0.0618  0.0087
inc1_pct          0.7037  0.5210  0.4067  0.3336  0.2854
inc2_pct          0.6405  0.4229  0.2905  0.2092  0.1588
e_pct             0.6344  0.4133  0.2792  0.1972  0.1466
rK_pct            0.5648  0.3053  0.1512  0.0602  0.0071
co2_agg           0.6022  0.3634  0.2200  0.1339  0.0821
s                 0.9999  0.9995  0.9991  0.9986  0.9981
tau               0.6000  0.3600  0.2160  0.1296  0.0778
mu_Y              0.6000  0.3600  0.2160  0.1296  0.0778
mu_E              0.6000  0.3600  0.2160  0.1296  0.0778
varrho_Y          0.6000  0.3600  0.2160  0.1296  0.0778
varrho_E          0.5674  0.3094  0.1561  0.0654  0.0124
k_Y_pct           0.7407  0.5783  0.4745  0.4062  0.3593
l_Y_pct           0.5727  0.3176  0.1657  0.0758  0.0229
e_Y_pct           0.6139  0.3816  0.2415  0.1569  0.1056
k_E_pct           0.6730  0.4733  0.3502  0.2731  0.2239
l_E_pct           0.5952  0.3525  0.2071  0.1201  0.0681
k_agg_pct         0.9879  0.9622  0.9292  0.8926  0.8547
a                 0.9879  0.9622  0.9292  0.8926  0.8547
res_1_pct         0.7037  0.5210  0.4067  0.3336  0.2854
res_2_pct         0.9845  0.9569  0.9228  0.8858  0.8477
e1_pct            0.6338  0.4124  0.2780  0.1960  0.1453
e2_pct            0.6763  0.4785  0.3563  0.2797  0.2306
ec_pct            0.6645  0.4602  0.3346  0.2565  0.2070
e_c               0.6645  0.4602  0.3346  0.2565  0.2070
g                 0.5993  0.3589  0.2147  0.1282  0.0764
x                 0.7976  0.6667  0.5792  0.5181  0.4733
x_1               0.6597  0.4527  0.3258  0.2470  0.1973
x_2               0.8403  0.7330  0.6577  0.6021  0.5589
x1_pct            0.6597  0.4527  0.3258  0.2470  0.1973
x2_pct            0.8403  0.7330  0.6577  0.6021  0.5589
x_pct             0.7976  0.6667  0.5792  0.5181  0.4733
     7.155734338404329e-18     1.069272708570379e-14

gaps:Direct share of total decline: Spenders 47.6% | Savers 59.7%
Energy-spending share of nominal drop: Spenders 51.0% | Savers 45.6%
Non-energy (x) share of nominal drop: Spenders -151.0% | Savers -145.6%

gap =

   7.1557e-18

gaps:Marshallian (uncompensated) elasticity: HtM = -0.4103 | Savers = -0.2719
Impact Hicksian (compensated / substitution) elasticity: HtM = +0.2000 | Savers = +0.2000
Impact energy share of nominal drop:  HtM 58.9% | Savers 393.2%
Impact non-energy share of nominal drop: HtM -158.9% | Savers -493.2%
Impact Δ energy bill:   HtM = +7.8381e-04 (0.27% of baseline) | Savers = +9.7928e-04 (0.33%)
Impact Δ non-energy x:  HtM = -2.1134e-03 (-0.10% of baseline) | Savers = -1.2283e-03 (-0.03%)
Impact identity gaps (should be ~0): HtM -2.17e-19 | Savers -1.08e-19
Impact gaps: type1 1.91e-17 | type2 4.49e-14
IMPACT (levels):
  Spenders:  Total=-2.838e-03 | Direct=-1.419e-03 | Indirect=-1.419e-03
  Savers:    Total=-1.661e-03 | Direct=-1.402e-03 | Indirect=-2.595e-04
IMPACT direct share of total change: Spenders +50.0% | Savers +84.4%
Total computing time : 0h00m58s
